// Jest Snapshot v1, https://goo.gl/fbAQLP

exports[`CalendarMonthYearSelection Component Snapshots CalendarMonthYearSelection Snapshots 1`] = `
<section
  className="sc-AxjAm eKZXqA"
>
  <div
    className="sc-AxiKw iktmgS"
    height="136.986301369863px"
    width="200px"
  >
    <div
      className="sc-AxhCb dCdhVv"
      data-testid="calendar-month-year-selection-container"
    >
      <div>
        <button
          id={1}
          onClick={[Function]}
        >
          <label
            className=""
          >
            JAN
          </label>
        </button>
        <button
          id={2}
          onClick={[Function]}
        >
          <label
            className=""
          >
            FEB
          </label>
        </button>
        <button
          id={3}
          onClick={[Function]}
        >
          <label
            className="selected"
          >
            MAR
          </label>
        </button>
        <button
          id={4}
          onClick={[Function]}
        >
          <label
            className=""
          >
            APR
          </label>
        </button>
        <button
          id={5}
          onClick={[Function]}
        >
          <label
            className=""
          >
            MAY
          </label>
        </button>
        <button
          id={6}
          onClick={[Function]}
        >
          <label
            className=""
          >
            JUN
          </label>
        </button>
        <button
          id={7}
          onClick={[Function]}
        >
          <label
            className=""
          >
            JUL
          </label>
        </button>
        <button
          id={8}
          onClick={[Function]}
        >
          <label
            className=""
          >
            AUG
          </label>
        </button>
        <button
          id={9}
          onClick={[Function]}
        >
          <label
            className=""
          >
            SEP
          </label>
        </button>
        <button
          id={10}
          onClick={[Function]}
        >
          <label
            className=""
          >
            OCT
          </label>
        </button>
        <button
          id={11}
          onClick={[Function]}
        >
          <label
            className=""
          >
            NOV
          </label>
        </button>
        <button
          id={12}
          onClick={[Function]}
        >
          <label
            className=""
          >
            DEC
          </label>
        </button>
      </div>
      <div>
        <button
          id={2013}
          onClick={[Function]}
        >
          <label
            className=""
          >
            2013
          </label>
        </button>
        <button
          id={2014}
          onClick={[Function]}
        >
          <label
            className=""
          >
            2014
          </label>
        </button>
        <button
          id={2015}
          onClick={[Function]}
        >
          <label
            className=""
          >
            2015
          </label>
        </button>
        <button
          id={2016}
          onClick={[Function]}
        >
          <label
            className=""
          >
            2016
          </label>
        </button>
        <button
          id={2017}
          onClick={[Function]}
        >
          <label
            className=""
          >
            2017
          </label>
        </button>
        <button
          id={2018}
          onClick={[Function]}
        >
          <label
            className="selected"
          >
            2018
          </label>
        </button>
        <button
          id={2019}
          onClick={[Function]}
        >
          <label
            className=""
          >
            2019
          </label>
        </button>
      </div>
    </div>
    <div
      className="actions"
      data-testid="actions"
    >
      <button
        data-testid="calendar-month-year-selection-check-button"
        onClick={[Function]}
      >
        <svg
          width={26}
        />
      </button>
    </div>
  </div>
  <svg
    className="sc-AxirZ ktnnZK"
    width={200}
  />
</section>
`;
